[Licensing::Module] Trying to connect to existing licensing client channel...
[Licensing::IpcConnector] Successfully connected to: "LicenseClient-24761" at "2026-09-14T11:36:03.1291389Z"
[Licensing::Client] Code 1 while verifying Licensing Client signature (process Id: 10180, path: "D:/Unity Hub/UnityLicensingClient_V1/Unity.Licensing.Client.exe")
[Licensing::Module] LicensingClient has failed validation; ignoring
[Licensing::Client] Error: HandshakeResponse reported an error:
	ResponseCode: 505
	ResponseStatus: Unsupported protocol version '1.16.2'.
[Licensing::Module] Error: Failed to handshake to channel: "LicenseClient-24761"
[Licensing::IpcConnector] LicenseClient-24761 channel disconnected successfully.
[Licensing::IpcConnector] Channel LicenseClient-24761-2022.3.62 doesn't exist
[Licensing::Module] Successfully launched the LicensingClient (PId: 19424)
[Licensing::IpcConnector] Successfully connected to: "LicenseClient-24761-2022.3.62" at "2026-09-14T11:36:04.4528625Z"
[Licensing::Client] Code 10 while verifying Licensing Client signature (process Id: 19424, path: "C:/Program Files/Unity/Hub/Editor/2022.3.62f3c1/Editor/Data/Resources/Licensing/Client/Unity.Licensing.Client.exe")
[Licensing::Module] LicensingClient has failed validation; ignoring
[Licensing::Client] Handshaking with LicensingClient:
  Version:                 1.16.2+bdef8f5
  Session Id:              201116e803b7494082865011f7fe88b4
  Correlation Id:          04be94fb4162cd043b2318217514b0fe
  External correlation Id: 4365582847868062527
  Machine Id:              z3f6EYpFRJnt/0DsWg8ayxbKkAk=
[Licensing::Module] Successfully connected to LicensingClient on channel: "LicenseClient-24761-2022.3.62" (connect: 1.29s, validation: 0.08s, handshake: 0.08s)
[Licensing::IpcConnector] Successfully connected to: "LicenseClient-24761-2022.3.62-notifications" at "2026-09-14T11:36:04.6098635Z"
[Licensing::Module] Connected to LicensingClient (PId: 19424, launch time: 0.02, total connection time: 1.44s)
[Licensing::Module] Error: Access token is unavailable; failed to update
[Licensing::Client] Successfully updated license
Built from '2022.3/china_unity/release' branch; Version is '2022.3.62f3c1 (1623fc0bbb97) revision 1451004'; Using compiler version '192829333'; Build Type 'Release'
OS: 'Windows 11  (10.0.26200) 64bit Professional' Language: 'zh' Physical Memory: 16077 MB
[Licensing::Client] Successfully resolved entitlement details
[Licensing::Module] Serial number assigned to: "F4-SXDU-AFE8-NUYZ-UFSS-XXXX"
BatchMode: 0, IsHumanControllingUs: 1, StartBugReporterOnCrash: 1, Is64bit: 1, IsPro: 0
-nographics requires -batchmode
